// Jest Snapshot v1, https://goo.gl/fbAQLP

exports[`Testing <GifGrid /> Should be show <GifGrid /> properly 1`] = `
<Fragment>
  <h3>
    One Piece
  </h3>
  <p>
    Loading...
  </p>
  <div
    className="card-grid"
  />
</Fragment>
`;
